"c:/NOTWORKS/amiga-memories/workflow/3dsmax/joystick/joystick.fbx":"_prod/43910409-e907-7e4d-ba83-1283667289f1"
"c:/NOTWORKS/amiga-memories/workflow/3dsmax/monitor/monitor.fbx":"_prod/4b5b05be-d69f-0649-86f4-0e4ffe53467b"
"c:/NOTWORKS/amiga-memories/workflow/3dsmax/table/table.fbx":"_prod/518a5bee-f187-1147-844c-771d8b49eea7"
"c:/NOTWORKS/amiga-memories/workflow/fbx/master_scene.FBX":"_prod/9877c945-771e-4279-9344-91b7f25a026e"
"c:/Users/fra/Documents/amiga-memories/workflow/3dsmax/joystick/joystick.fbx":"_prod/2ca37ba1-4838-054a-b550-5f7719c6cfed"
"c:/Users/fra/Documents/amiga-memories/workflow/3dsmax/joystick/substance/joystick.fbx":"_prod/5c10e105-75d1-e744-b019-233e40044e4d"
"c:/Users/fra/Documents/amiga-memories/workflow/3dsmax/monitor/substance/monitor.fbx":"_prod/86a7e0e2-9752-5947-967f-c422ed8a750f"
